22:38:04 **** Auto Build of configuration Debug for project software ****
make all 
'Building file: ../src/helloworld.c'
'Invoking: MicroBlaze gcc compiler'
mb-gcc -Wall -O0 -g3 -I../../software_bsp/dut_monitor/include -I"C:\Xilinx\14.5\ISE_DS\EDK\gnu\microblaze\nt64\lib\gcc\microblaze-xilinx-elf\4.6.2\include" -I"C:\Xilinx\14.5\ISE_DS\EDK\gnu\microblaze\nt64\lib\gcc\microblaze-xilinx-elf\4.6.2\include-fixed" -I"C:\Xilinx\14.5\ISE_DS\EDK\gnu\microblaze\nt64\microblaze-xilinx-elf\include" -c -fmessage-length=0 -Wl,--no-relax -mno-xl-reorder -mlittle-endian -mcpu=v8.40.a -mxl-soft-mul -MMD -MP -MF"src/helloworld.d" -MT"src/helloworld.d" -o "src/helloworld.o" "../src/helloworld.c"
../src/helloworld.c: In function 'initSystem':
../src/helloworld.c:239:2: warning: passing argument 2 of 'microblaze_register_handler' makes pointer from integer without a cast [enabled by default]
../../software_bsp/dut_monitor/include/mb_interface.h:40:13: note: expected 'void *' but argument is of type 'u32'
'Finished building: ../src/helloworld.c'
' '
'Building target: software.elf'
'Invoking: MicroBlaze gcc linker'
mb-gcc -Wl,--no-relax -Wl,-T -Wl,../src/lscript.ld -L../../software_bsp/dut_monitor/lib -mlittle-endian -mcpu=v8.40.a -mxl-soft-mul -o "software.elf"  ./src/helloworld.o ./src/platform.o   -Wl,--start-group,-lxil,-lgcc,-lc,--end-group
'Finished building target: software.elf'
' '
'Invoking: MicroBlaze Print Size'
mb-size software.elf  |tee "software.elf.size"
   text	   data	    bss	    dec	    hex	filename
  29858	   2000	   2454	  34312	   8608	software.elf
'Finished building: software.elf.size'
' '
'Invoking: Xilinx ELF Check'
elfcheck software.elf -hw ../../ttk/system.xml -pe dut_monitor  |tee "software.elf.elfcheck"
elfcheck
Xilinx EDK 14.5 Build EDK_P.58f
Copyright (c) 1995-2012 Xilinx, Inc.  All rights reserved.

Command Line: elfcheck -hw ../../ttk/system.xml -pe dut_monitor software.elf 

ELF file	: software.elf
elfcheck passed.
'Finished building: software.elf.elfcheck'
' '

22:38:07 Build Finished (took 2s.922ms)

